// Jest Snapshot v1, https://goo.gl/fbAQLP

exports[`renderbutton 1`] = `
<button class="tomato-button tomato-button--default tomato-button--normal">
  <div class="tomato-button__content"></div>
</button>
`;
