// Jest Snapshot v1, https://goo.gl/fbAQLP

exports[`class-name prop 1`] = `<div class="tomato-overlay my-overlay" name="tomato-fade"></div>`;

exports[`custom style prop 1`] = `<div class="tomato-overlay" style="background-color: red;" name="tomato-fade"></div>`;

exports[`default slot 1`] = `<div class="tomato-overlay" style="display: none;" name="tomato-fade">Custom Default</div>`;

exports[`duration prop 1`] = `<div class="tomato-overlay" style="animation-duration: 1s;" name="tomato-fade"></div>`;

exports[`z-index prop 1`] = `<div class="tomato-overlay" style="z-index: 99;" name="tomato-fade"></div>`;
